// Jest Snapshot v1, https://goo.gl/fbAQLP

exports[`click page testing Snapshot Check 1`] = `
<table
  className="custom-border"
>
  <thead>
    <tr>
      <th>
        Email
      </th>
      <th>
        Names
      </th>
    </tr>
  </thead>
  <tbody>
    <tr>
      <td>
        himanshu@gmail.com
      </td>
      <td>
        Himanshu
      </td>
    </tr>
  </tbody>
</table>
`;
